test_files/utf8_russian.input: UTF-8 Unicode text
