test_files/utf8_vietnamese.input: UTF-8 Unicode text
