test_files/utf8_japanese.input: UTF-8 Unicode text
